Machine vps-1: 3 Hosts
  vps-1         user pi      listen port 9417
  vps-1-runner  user runner  listen port 9419
  vps-1-system  rootful      listen port 9418
Fleet checkout: <repo>
Credential sources: --secrets-dir <secrets>
warning: no credential files for vps-1-runner: <secrets>/vps-1-runner does not exist

Phase 1: users, sessions and directories
  already done  vps-1/user                         Linux user pi present                                                       uid 1000
  already done  vps-1/subids                       subuid/subgid ranges of pi present
  already done  vps-1/linger                       lingering enabled for pi
  already done  vps-1/user-manager                 user manager of pi running
  applied       vps-1/podman-socket                user podman.socket of pi enabled and running
  already done  vps-1/dir/secrets                  directory ~pi/.config/picolet/secrets, owner pi, mode 0700
  already done  vps-1/dir/data                     directory ~pi/.local/share/picolet, owner pi, mode 0700
  already done  vps-1/dir/quadlets                 directory ~pi/.config/containers/systemd, owner pi, mode 0755
  already done  vps-1/dir/units                    directory ~pi/.config/systemd/user, owner pi, mode 0755
  already done  vps-1/checkout                     Fleet checkout readable by pi (world-readable)
  already done  vps-1-runner/user                  Linux user runner present                                                   uid 1001
  already done  vps-1-runner/subids                subuid/subgid ranges of runner present
  already done  vps-1-runner/linger                lingering enabled for runner
  already done  vps-1-runner/user-manager          user manager of runner running
  already done  vps-1-runner/podman-socket         user podman.socket of runner enabled and running
  already done  vps-1-runner/dir/secrets           directory ~runner/.config/picolet/secrets, owner runner, mode 0700
  already done  vps-1-runner/dir/data              directory ~runner/.local/share/picolet, owner runner, mode 0700
  already done  vps-1-runner/dir/quadlets          directory ~runner/.config/containers/systemd, owner runner, mode 0755
  already done  vps-1-runner/dir/units             directory ~runner/.config/systemd/user, owner runner, mode 0755
  already done  vps-1-runner/checkout              Fleet checkout readable by runner (world-readable)
  applied       vps-1-system/podman-socket         system podman.socket enabled and running
  already done  vps-1-system/dir/secrets           directory /etc/picolet/secrets, owner root, mode 0700
  already done  vps-1-system/dir/data              directory /var/lib/picolet-system, owner root, mode 0700
  already done  vps-1-system/dir/quadlets          directory /etc/containers/systemd, owner root, mode 0755
  already done  vps-1-system/dir/units             directory /etc/systemd/system, owner root, mode 0755

Phase 2: credential files
  applied       vps-1/credential/git-token         credential file ~pi/.config/picolet/secrets/git-token, owner pi, mode 0600  wrote /home/pi/.config/picolet/secrets/git-token, Agent restart required
  applied       vps-1-system/credential/git-token  credential file /etc/picolet/secrets/git-token, owner root, mode 0600       wrote /etc/picolet/secrets/git-token, Agent restart required

Phase 3: per-Host bootstrap
  applied       vps-1/bootstrap                    per-Host bootstrap as pi (--systemd user)                                   picolet.service restarted (credential files written), healthy on 127.0.0.1:9417
  applied       vps-1-runner/bootstrap             per-Host bootstrap as runner (--systemd user)                               healthy on 127.0.0.1:9419
  applied       vps-1-system/bootstrap             per-Host bootstrap as root (--systemd system)                               picolet-system.service restarted (credential files written), healthy on 127.0.0.1:9418

7 applied, 23 already done

Host          User    Port  Health   Agent restart
vps-1         pi      9417  healthy  restarted (credential files written)
vps-1-runner  runner  9419  healthy  not needed
vps-1-system  root    9418  healthy  restarted (credential files written)
