apiVersion: v1
kind: ConfigMap
metadata:
  name: app-config
data:
  app.conf: |
    # Application configuration
    log_level = info
    max_connections = 100

  settings.yml: |
    server:
      port: 3000
      host: node-2.example.net

---
apiVersion: apps/v1
kind: Deployment
metadata:
  name: app
spec:
  replicas: 1
  selector:
    matchLabels:
      app: myapp
  template:
    metadata:
      labels:
        app: myapp
    spec:
      containers:
        - name: app
          image: myapp:v2.1
          ports:
            - containerPort: 3000
